#,,,,,,,"generated_by='OpenQuake engine 3.11.3-gitcebb035e92', start_date='2021-05-26T14:15:33', checksum=4077124359, investigation_time=50.0, risk_investigation_time=50.0"
asset_id,policy,taxonomy,lon,lat,structural~no_damage,structural~LS1,structural~LS2
a0,A,RM,81.29850,29.10980,1.850000E+00,4.000000E-01,1.000000E-01
a1,A,RC,83.08230,27.90060,4.423000E+02,2.070000E+01,1.200000E+01
a2,B,W,85.74770,27.90150,6.787000E+02,1.168000E+02,1.185000E+02
a3,B,RM,85.74770,27.90150,6.350000E+00,1.400000E+00,1.200000E+00
